src/pages/Generate.tsx(13,1): error TS6133: 'api' is declared but its value is never read.
