src/components/ClaimCard.tsx(1,8): error TS6133: 'React' is declared but its value is never read.
src/components/ClaimCard.tsx(2,23): error TS6133: 'AlertTriangle' is declared but its value is never read.
src/components/RiskMeter.tsx(1,1): error TS6133: 'React' is declared but its value is never read.
src/components/RiskMeter.tsx(7,29): error TS7031: Binding element 'score' implicitly has an 'any' type.
src/components/RiskMeter.tsx(7,36): error TS7031: Binding element 'riskLevel' implicitly has an 'any' type.
src/pages/About.tsx(1,1): error TS6133: 'React' is declared but its value is never read.
src/pages/Generate.tsx(1,8): error TS6133: 'React' is declared but its value is never read.
src/pages/History.tsx(1,8): error TS6133: 'React' is declared but its value is never read.
src/pages/History.tsx(3,17): error TS6133: 'CheckCircle' is declared but its value is never read.
src/pages/History.tsx(3,30): error TS6133: 'AlertTriangle' is declared but its value is never read.
